=== CONFIGURE === 
-- Selecting Windows SDK version 10.0.26100.0 to target Windows 10.0.22631.
-- The C compiler identification is MSVC 19.44.35222.0
-- Detecting C compiler ABI info
-- Detecting C compiler ABI info - done
-- Check for working C compiler: C:/Program Files/Microsoft Visual Studio/2022/Enterprise/VC/Tools/MSVC/14.44.35207/bin/Hostx64/x64/cl.exe - skipped
-- Detecting C compile features
-- Detecting C compile features - done
-- Platform: windows (x86_64)
-- Threading support: Enabled
-- OpenBLAS: Disabled
-- Found WebGPU: C:/Users/Authority/Desktop/C++ projects/gemma3.c/lib/webgpu/windows-x86_64/lib/wgpu_native.dll.lib
-- WebGPU: Found at C:/Users/Authority/Desktop/C++ projects/gemma3.c/lib/webgpu/windows-x86_64/lib/wgpu_native.dll.lib
-- 
-- === gemma3.c Build Configuration ===
--   Version:      1.0.0
--   Platform:     windows (x86_64)
--   Build Type:   
--   C Compiler:   MSVC 19.44.35222.0
-- 
--   Options:
--     Threading:  ON
--     OpenBLAS:   OFF
--     WebGPU:     ON
--     Native Opt: OFF
--     Shared Lib: OFF
--     Build CLI:  ON
-- 
-- Configuring done (1.7s)
-- Generating done (0.1s)
-- Build files have been written to: C:/Users/Authority/Desktop/C++ projects/gemma3.c/build_msvc
EXIT_CONFIGURE=0 
 
=== BUILD === 
MSBuild version 17.14.40+3e7442088 for .NET Framework

  1>Checking Build System
  Building Custom Rule C:/Users/Authority/Desktop/C++ projects/gemma3.c/CMakeLists.txt
  gemma3.c
  gemma3_kernels.c
  gemma3_safetensors.c
  gemma3_tokenizer.c
  gemma3_transformer.c
C:\Users\Authority\Desktop\C++ projects\gemma3.c\gemma3_tokenizer.c(412,30): warning C4310: cast truncates constant value [C:\Users\Authority\Desktop\C++ projects\gemma3.c\build_msvc\gemma3_lib.vcxproj]
C:\Users\Authority\Desktop\C++ projects\gemma3.c\gemma3_tokenizer.c(413,30): warning C4310: cast truncates constant value [C:\Users\Authority\Desktop\C++ projects\gemma3.c\build_msvc\gemma3_lib.vcxproj]
C:\Users\Authority\Desktop\C++ projects\gemma3.c\gemma3_tokenizer.c(414,30): warning C4310: cast truncates constant value [C:\Users\Authority\Desktop\C++ projects\gemma3.c\build_msvc\gemma3_lib.vcxproj]
  gemma3_platform.c
  gemma3_threads.c
  gemma3_webgpu.c
  Generating Code...
  gemma3_lib.vcxproj -> C:\Users\Authority\Desktop\C++ projects\gemma3.c\build_msvc\Release\gemma3.lib
  Building Custom Rule C:/Users/Authority/Desktop/C++ projects/gemma3.c/CMakeLists.txt
  main.c
  gemma3.vcxproj -> C:\Users\Authority\Desktop\C++ projects\gemma3.c\build_msvc\Release\gemma3.exe
  Building Custom Rule C:/Users/Authority/Desktop/C++ projects/gemma3.c/CMakeLists.txt
EXIT_BUILD=0 
